// memory data file (do not edit the following line - required for mem load use)
// instance=/ALU_TB/result
// format=hex addressradix=h dataradix=h version=1.0 wordsperline=1 noaddress
00000014
00000000
00000000
00000001
00000064
00000000
00000000
00000001
00002800
00000000
0000000a
00000000
0000000a
00000000
fffffff5
00000000
00000000
00000001
00000000
00000001
ffffffe2
00000000
ffffff1f
00000000
0001ffff
00000000
fff88000
00000000
00000001
00000000
ffffffff
00000000
00000000
00000001
00000001
00000000
00000000
00000001
00000032
00000000
fffffd8f
00000000
00000000
00000001
00000000
00000001
00000001
00000000
ffffffff
00000000
00000000
00000001
00000000
00000001
ffffffc4
00000000
00000000
00000001
00000384
00000000
00000000
00000001
00000000
00000001
ffffffe2
00000000
ffffffe2
00000000
0000001d
00000000
00000000
00000001
00000000
00000001
00000000
00000001
00000000
00000001
00000000
00000001
00000000
00000001
00000000
00000001
00000000
00000001
ffffffff
00000000
00000000
00000001
0000001b
00000000
ffffffc7
00000000
fffffd8a
00000000
00000000
00000001
00000000
00000001
00000020
00000000
fffffffb
00000000
00000004
00000000
00000001
00000000
00000017
00000000
00000017
00000000
00000000
00000001
00000017
00000000
00000017
00000000
00000000
00000001
00000017
00000000
ffffffe8
00000000
00000000
00000001
00000046
00000000
ffffffba
00000000
00000000
00000001
00000000
00000001
00000000
00000001
00000000
00000001
00000046
00000000
ffffffb9
00000000
00000001
00000000
