// memory data file (do not edit the following line - required for mem load use)
// instance=/BARREL_SHIFTER32_TB/result
// format=hex addressradix=h dataradix=h version=1.0 wordsperline=1 noaddress
4b4b4b4a
96969694
2d2d2d28
5a5a5a50
b4b4b4a0
69696940
d2d2d280
a5a5a500
4b4b4a00
96969400
2d2d2800
5a5a5000
b4b4a000
69694000
d2d28000
a5a50000
4b4a0000
96940000
2d280000
5a500000
b4a00000
69400000
d2800000
a5000000
4a000000
94000000
28000000
50000000
a0000000
40000000
80000000
00000000
52d2d2d2
29696969
14b4b4b4
0a5a5a5a
052d2d2d
02969696
014b4b4b
00a5a5a5
0052d2d2
00296969
0014b4b4
000a5a5a
00052d2d
00029696
00014b4b
0000a5a5
000052d2
00002969
000014b4
00000a5a
0000052d
00000296
0000014b
000000a5
00000052
00000029
00000014
0000000a
00000005
00000002
00000001
00000000
