// memory data file (do not edit the following line - required for mem load use)
// instance=/D_LATCH_TB/result
// format=hex addressradix=h dataradix=h version=1.0 wordsperline=1 noaddress
00000022
00000023
00000027
00000011
00000013
00000017
0000002f
0000001b
