// memory data file (do not edit the following line - required for mem load use)
// instance=/REG32_TB/result
// format=hex addressradix=h dataradix=h version=1.0 wordsperline=1 noaddress
00000000
00000000
a5a5a5a5
ffff0000
00000000
00000000
0000ffff
0000ffff
