// memory data file (do not edit the following line - required for mem load use)
// instance=/HALF_ADDER_TB/results
// format=hex addressradix=h dataradix=h version=1.0 wordsperline=1 noaddress
00000000
00000001
00000001
00000002
