// memory data file (do not edit the following line - required for mem load use)
// instance=/MULT_TB/result
// format=hex addressradix=h dataradix=h version=1.0 wordsperline=1 noaddress
00000000000000c8
000000000000002d
ffffffffffffff90
ffffffffffffff42
3100000000000000
cf00000000000000
cf00000000000000
3100000000000000
