// memory data file (do not edit the following line - required for mem load use)
// instance=/OR32_2x1_TB/result
// format=hex addressradix=h dataradix=h version=1.0 wordsperline=1 noaddress
ffffffff
00000000
ffffffff
ffff0000
0000ffff
