// memory data file (do not edit the following line - required for mem load use)
// instance=/RC_ADD_SUB_32_TB/result
// format=hex addressradix=h dataradix=h version=1.0 wordsperline=1 noaddress
0000001e
fffffff6
00000003
00000004
00005555
