// memory data file (do not edit the following line - required for mem load use)
// instance=/TWOSCOMP64_TB/result
// format=hex addressradix=h dataradix=h version=1.0 wordsperline=1 noaddress
fffffffffffffff6
0000000000000005
